--------------------------------------------------------------------------------
Release 14.7 Trace  (nt64)
Copyright (c) 1995-2013 Xilinx, Inc.  All rights reserved.

C:\Xilinx\14.7\ISE_DS\ISE\bin\nt64\unwrapped\trce.exe -intstyle ise -v 3 -s 3
-n 3 -fastpaths -xml PlacaMae.twx PlacaMae.ncd -o PlacaMae.twr PlacaMae.pcf
-ucf PlacaMae.ucf

Design file:              PlacaMae.ncd
Physical constraint file: PlacaMae.pcf
Device,package,speed:     xc7a100t,csg324,C,-3 (PRODUCTION 1.10 2013-10-13)
Report level:             verbose report

Environment Variable      Effect 
--------------------      ------ 
NONE                      No environment variables were set
--------------------------------------------------------------------------------

INFO:Timing:2698 - No timing constraints found, doing default enumeration.
INFO:Timing:3412 - To improve timing, see the Timing Closure User Guide (UG612).
INFO:Timing:2752 - To get complete path coverage, use the unconstrained paths 
   option. All paths that are not constrained will be reported in the 
   unconstrained paths section(s) of the report.
INFO:Timing:3339 - The clock-to-out numbers in this timing report are based on 
   a 50 Ohm transmission line loading model.  For the details of this model, 
   and for more information on accounting for different loading conditions, 
   please see the device datasheet.



Data Sheet report:
-----------------
All values displayed in nanoseconds (ns)

Setup/Hold to clock Clk
------------+------------+------------+------------+------------+------------------+--------+
            |Max Setup to|  Process   |Max Hold to |  Process   |                  | Clock  |
Source      | clk (edge) |   Corner   | clk (edge) |   Corner   |Internal Clock(s) | Phase  |
------------+------------+------------+------------+------------+------------------+--------+
Reset       |   -0.101(R)|      FAST  |    2.203(R)|      SLOW  |Clk_BUFGP         |   0.000|
------------+------------+------------+------------+------------+------------------+--------+

Clock Clk to Pad
------------+-----------------+------------+-----------------+------------+------------------+--------+
            |Max (slowest) clk|  Process   |Min (fastest) clk|  Process   |                  | Clock  |
Destination |  (edge) to PAD  |   Corner   |  (edge) to PAD  |   Corner   |Internal Clock(s) | Phase  |
------------+-----------------+------------+-----------------+------------+------------------+--------+
Pout<0>     |         7.888(R)|      SLOW  |         3.274(R)|      FAST  |Clk_BUFGP         |   0.000|
Pout<1>     |         7.505(R)|      SLOW  |         3.064(R)|      FAST  |Clk_BUFGP         |   0.000|
Pout<2>     |         7.922(R)|      SLOW  |         3.314(R)|      FAST  |Clk_BUFGP         |   0.000|
Pout<3>     |         7.981(R)|      SLOW  |         3.344(R)|      FAST  |Clk_BUFGP         |   0.000|
Pout<4>     |         7.983(R)|      SLOW  |         3.328(R)|      FAST  |Clk_BUFGP         |   0.000|
Pout<5>     |         7.571(R)|      SLOW  |         3.116(R)|      FAST  |Clk_BUFGP         |   0.000|
Pout<6>     |         7.537(R)|      SLOW  |         3.092(R)|      FAST  |Clk_BUFGP         |   0.000|
Pout<7>     |         7.646(R)|      SLOW  |         3.134(R)|      FAST  |Clk_BUFGP         |   0.000|
------------+-----------------+------------+-----------------+------------+------------------+--------+

Clock to Setup on destination clock Clk
---------------+---------+---------+---------+---------+
               | Src:Rise| Src:Fall| Src:Rise| Src:Fall|
Source Clock   |Dest:Rise|Dest:Rise|Dest:Fall|Dest:Fall|
---------------+---------+---------+---------+---------+
Clk            |    3.856|         |         |         |
---------------+---------+---------+---------+---------+


Analysis completed Fri Mar 13 09:48:48 2020 
--------------------------------------------------------------------------------

Trace Settings:
-------------------------
Trace Settings 

Peak Memory Usage: 5001 MB



