AR programcounter behavioral C:/Users/35196/Desktop/Proj1AC/ProgramCounter.vhd sub00/vhpl07 1584091731
AR mux_registos behavioral C:/Users/35196/Desktop/Proj1AC/Mux_Registos.vhd sub00/vhpl11 1584091735
EN memoria_instrucoes NULL C:/Users/35196/Desktop/Proj1AC/Memoria_Instrucoes.vhd sub00/vhpl20 1584091744
AR registosaeb behavioral C:/Users/35196/Desktop/Proj1AC/RegistosA_B.vhd sub00/vhpl15 1584091739
EN periferico_saida NULL C:/Users/35196/Desktop/Proj1AC/Periferico_Saida.vhd sub00/vhpl02 1584091726
EN mux_pc NULL C:/Users/35196/Desktop/Proj1AC/Mux_PC.vhd sub00/vhpl04 1584091728
EN comparacao NULL C:/Users/35196/Desktop/Proj1AC/Comparacao.vhd sub00/vhpl08 1584091732
AR periferico_saida behavioral C:/Users/35196/Desktop/Proj1AC/Periferico_Saida.vhd sub00/vhpl03 1584091727
EN rom_descodificacao NULL C:/Users/35196/Desktop/Proj1AC/ROM_Descodificacao.vhd sub00/vhpl16 1584091740
EN mux_registos NULL C:/Users/35196/Desktop/Proj1AC/Mux_Registos.vhd sub00/vhpl10 1584091734
EN placamae NULL C:/Users/35196/Desktop/Proj1AC/PlacaMae.vhd sub00/vhpl24 1584091748
AR rom_descodificacao behavioral C:/Users/35196/Desktop/Proj1AC/ROM_Descodificacao.vhd sub00/vhpl17 1584091741
AR processador struct C:/Users/35196/Desktop/Proj1AC/Processador.vhd sub00/vhpl19 1584091743
AR ram behavioral C:/Users/35196/Desktop/Proj1AC/RAM.vhd sub00/vhpl23 1584091747
AR periferico_entrada behavioral C:/Users/35196/Desktop/Proj1AC/Periferico_Entrada.vhd sub00/vhpl01 1584091725
EN periferico_entrada NULL C:/Users/35196/Desktop/Proj1AC/Periferico_Entrada.vhd sub00/vhpl00 1584091724
AR mux_pc behavioral C:/Users/35196/Desktop/Proj1AC/Mux_PC.vhd sub00/vhpl05 1584091729
EN programcounter NULL C:/Users/35196/Desktop/Proj1AC/ProgramCounter.vhd sub00/vhpl06 1584091730
AR comparacao behavioral C:/Users/35196/Desktop/Proj1AC/Comparacao.vhd sub00/vhpl09 1584091733
EN processador NULL C:/Users/35196/Desktop/Proj1AC/Processador.vhd sub00/vhpl18 1584091742
AR memoria_instrucoes behavioral C:/Users/35196/Desktop/Proj1AC/Memoria_Instrucoes.vhd sub00/vhpl21 1584091745
AR alu behavioral C:/Users/35196/Desktop/Proj1AC/ALU.vhd sub00/vhpl13 1584091737
EN ram NULL C:/Users/35196/Desktop/Proj1AC/RAM.vhd sub00/vhpl22 1584091746
EN registosaeb NULL C:/Users/35196/Desktop/Proj1AC/RegistosA_B.vhd sub00/vhpl14 1584091738
AR placamae struct C:/Users/35196/Desktop/Proj1AC/PlacaMae.vhd sub00/vhpl25 1584091749
EN alu NULL C:/Users/35196/Desktop/Proj1AC/ALU.vhd sub00/vhpl12 1584091736
