AR programcounter behavioral C:/Users/35196/Desktop/Proj1AC/ProgramCounter.vhd sub00/vhpl07 1583937087
AR mux_registos behavioral C:/Users/35196/Desktop/Proj1AC/Mux_Registos.vhd sub00/vhpl11 1583937091
EN memoria_instrucoes NULL C:/Users/35196/Desktop/Proj1AC/Memoria_Instrucoes.vhd sub00/vhpl20 1583937100
AR registosaeb behavioral C:/Users/35196/Desktop/Proj1AC/RegistosA_B.vhd sub00/vhpl15 1583937095
EN periferico_saida NULL C:/Users/35196/Desktop/Proj1AC/Periferico_Saida.vhd sub00/vhpl02 1583937082
EN mux_pc NULL C:/Users/35196/Desktop/Proj1AC/Mux_PC.vhd sub00/vhpl04 1583937084
EN comparacao NULL C:/Users/35196/Desktop/Proj1AC/Comparacao.vhd sub00/vhpl08 1583937088
AR periferico_saida behavioral C:/Users/35196/Desktop/Proj1AC/Periferico_Saida.vhd sub00/vhpl03 1583937083
EN rom_descodificacao NULL C:/Users/35196/Desktop/Proj1AC/ROM_Descodificacao.vhd sub00/vhpl16 1583937096
EN mux_registos NULL C:/Users/35196/Desktop/Proj1AC/Mux_Registos.vhd sub00/vhpl10 1583937090
EN placamae NULL C:/Users/35196/Desktop/Proj1AC/PlacaMae.vhd sub00/vhpl24 1583937104
AR rom_descodificacao behavioral C:/Users/35196/Desktop/Proj1AC/ROM_Descodificacao.vhd sub00/vhpl17 1583937097
AR processador struct C:/Users/35196/Desktop/Proj1AC/Processador.vhd sub00/vhpl19 1583937099
AR ram behavioral C:/Users/35196/Desktop/Proj1AC/RAM.vhd sub00/vhpl23 1583937103
AR periferico_entrada behavioral C:/Users/35196/Desktop/Proj1AC/Periferico_Entrada.vhd sub00/vhpl01 1583937081
EN periferico_entrada NULL C:/Users/35196/Desktop/Proj1AC/Periferico_Entrada.vhd sub00/vhpl00 1583937080
AR mux_pc behavioral C:/Users/35196/Desktop/Proj1AC/Mux_PC.vhd sub00/vhpl05 1583937085
EN programcounter NULL C:/Users/35196/Desktop/Proj1AC/ProgramCounter.vhd sub00/vhpl06 1583937086
AR comparacao behavioral C:/Users/35196/Desktop/Proj1AC/Comparacao.vhd sub00/vhpl09 1583937089
EN processador NULL C:/Users/35196/Desktop/Proj1AC/Processador.vhd sub00/vhpl18 1583937098
AR memoria_instrucoes behavioral C:/Users/35196/Desktop/Proj1AC/Memoria_Instrucoes.vhd sub00/vhpl21 1583937101
AR alu behavioral C:/Users/35196/Desktop/Proj1AC/ALU.vhd sub00/vhpl13 1583937093
EN ram NULL C:/Users/35196/Desktop/Proj1AC/RAM.vhd sub00/vhpl22 1583937102
EN registosaeb NULL C:/Users/35196/Desktop/Proj1AC/RegistosA_B.vhd sub00/vhpl14 1583937094
AR placamae struct C:/Users/35196/Desktop/Proj1AC/PlacaMae.vhd sub00/vhpl25 1583937105
EN alu NULL C:/Users/35196/Desktop/Proj1AC/ALU.vhd sub00/vhpl12 1583937092
